// Jest Snapshot v1, https://goo.gl/fbAQLP

exports[`Home test suite Snapshot test matching 1`] = `
<div>
  <h1>
    Home Components
  </h1>
</div>
`;
